 Added custom styles for presets
 DOMContentLoaded event fired - Initializing presets module
 Initializing presets module...
 Setting up Add Preset button
 Initializing presets module...
 Setting up Add Preset button
presets.js:776 DOM loaded - initializing presets
presets.js:782 Setting up Add Preset button
presets.js:885 DOMContentLoaded event fired - Initializing presets module
presets.js:909 Initializing presets module...
presets.js:917 Setting up Add Preset button
presets.js:909 Initializing presets module...
presets.js:917 Setting up Add Preset button
app.js:5 Application initialized
app.js:62 Initializing modules
app.js:549 Report type changed to: weather
app.js:569 Toggled options for weather report
app.js:282 Setting up event listeners
:5000/api/irrigation/presets:1 
            
            
           Failed to load resource: the server responded with a status of 404 (NOT FOUND)
app.js:468 Error loading presets: SyntaxError: Unexpected token '<', "<!doctype "... is not valid JSON
(anonymous) @ app.js:468
:5000/api/weather/current:1 
            
            
           Failed to load resource: the server responded with a status of 404 (NOT FOUND)
status:1 
            
            
           Failed to load resource: the server responded with a status of 404 (NOT FOUND)
app.js:92 Error loading weather data: SyntaxError: Unexpected token '<', "<!doctype "... is not valid JSON
(anonymous) @ app.js:92
:5000/api/irrigation/presets:1 
            
            
           Failed to load resource: the server responded with a status of 404 (NOT FOUND)
app.js:204 Error loading irrigation status: SyntaxError: Unexpected token '<', "<!doctype "... is not valid JSON
(anonymous) @ app.js:204
app.js:468 Error loading presets: SyntaxError: Unexpected token '<', "<!doctype "... is not valid JSON
(anonymous) @ app.js:468
:5000/api/irrigation/presets:1 
            
            
           Failed to load resource: the server responded with a status of 404 (NOT FOUND)
app.js:468 Error loading presets: SyntaxError: Unexpected token '<', "<!doctype "... is not valid JSON
(anonymous) @ app.js:468
:5000/api/irrigation/presets:1 
            
            
           Failed to load resource: the server responded with a status of 404 (NOT FOUND)
app.js:468 Error loading presets: SyntaxError: Unexpected token '<', "<!doctype "... is not valid JSON
(anonymous) @ app.js:468
:5000/api/irrigation/presets:1 
            
            
           Failed to load resource: the server responded with a status of 404 (NOT FOUND)
:5000/api/irrigation/presets:1 
            
            
           Failed to load resource: the server responded with a status of 404 (NOT FOUND)
app.js:468 Error loading presets: SyntaxError: Unexpected token '<', "<!doctype "... is not valid JSON
(anonymous) @ app.js:468
app.js:468 Error loading presets: SyntaxError: Unexpected token '<', "<!doctype "... is not valid JSON
(anonymous) @ app.js:468
status:1 
            
            
           Failed to load resource: the server responded with a status of 404 (NOT FOUND)
app.js:204 Error loading irrigation status: SyntaxError: Unexpected token '<', "<!doctype "... is not valid JSON
(anonymous) @ app.js:204
presets.js:932 Save Preset button clicked
:5000/api/irrigation/presets:1 
            
            
           Failed to load resource: the server responded with a status of 404 (NOT FOUND)
presets.js:236 Error creating preset: SyntaxError: Unexpected token '<', "<!doctype "... is not valid JSON
(anonymous) @ presets.js:236
status:1 
            
            
           Failed to load resource: the server responded with a status of 404 (NOT FOUND)
app.js:204 Error loading irrigation status: SyntaxError: Unexpected token '<', "<!doctype "... is not valid JSON
(anonymous) @ app.js:204
0.0.0.0/:1 Blocked aria-hidden on an element because its descendant retained focus. The focus must not be hidden from assistive technology users. Avoid using aria-hidden on a focused element or its ancestor. Consider using the inert attribute instead, which will also prevent focus. For more details, see the aria-hidden section of the WAI-ARIA specification at https://w3c.github.io/aria/#aria-hidden.
Element with focus: <button.btn-close>
Ancestor with aria-hidden: <div.modal fade#addPresetModal> <div class=​"modal fade" id=​"addPresetModal" tabindex=​"-1" aria-labelledby=​"addPresetModalLabel" aria-hidden=​"true" style=​"display:​ none;​">​…​</div>​
app.js:541 Uncaught NotFoundError: Failed to execute 'removeChild' on 'Node': The node to be removed is not a child of this node.
    at app.js:541:29
status:1 
            
            
           Failed to load resource: the server responded with a status of 404 (NOT FOUND)
app.js:204 Error loading irrigation status: SyntaxError: Unexpected token '<', "<!doctype "... is not valid JSON
(anonymous) @ app.js:204
app.js:131 
            
            
           GET http://0.0.0.0:5000/api/irrigation/status 404 (NOT FOUND)
loadIrrigationStatus @ app.js:131
app.js:204 Error loading irrigation status: SyntaxError: Unexpected token '<', "<!doctype "... is not valid JSON
(anonymous) @ app.js:204
Promise.catch
loadIrrigationStatus @ app.js:203
app.js:131 
            
            
           GET http://0.0.0.0:5000/api/irrigation/status 404 (NOT FOUND)
loadIrrigationStatus @ app.js:131
setTimeout
(anonymous) @ app.js:206
Promise.catch
loadIrrigationStatus @ app.js:203
app.js:204 Error loading irrigation status: SyntaxError: Unexpected token '<', "<!doctype "... is not valid JSON
(anonymous) @ app.js:204
Promise.catch
loadIrrigationStatus @ app.js:203
setTimeout
(anonymous) @ app.js:206
Promise.catch
loadIrrigationStatus @ app.js:203
app.js:131 
            
            
           GET http://0.0.0.0:5000/api/irrigation/status 404 (NOT FOUND)
loadIrrigationStatus @ app.js:131
setTimeout
(anonymous) @ app.js:206
Promise.catch
loadIrrigationStatus @ app.js:203
setTimeout
(anonymous) @ app.js:206
Promise.catch
loadIrrigationStatus @ app.js:203
app.js:204 Error loading irrigation status: SyntaxError: Unexpected token '<', "<!doctype "... is not valid JSON
(anonymous) @ app.js:204
Promise.catch
loadIrrigationStatus @ app.js:203
setTimeout
(anonymous) @ app.js:206
Promise.catch
loadIrrigationStatus @ app.js:203
setTimeout
(anonymous) @ app.js:206
Promise.catch
loadIrrigationStatus @ app.js:203
app.js:131 
            
            
           GET http://0.0.0.0:5000/api/irrigation/status 404 (NOT FOUND)
loadIrrigationStatus @ app.js:131
setTimeout
(anonymous) @ app.js:206
Promise.catch
loadIrrigationStatus @ app.js:203
setTimeout
(anonymous) @ app.js:206
Promise.catch
loadIrrigationStatus @ app.js:203
setTimeout
(anonymous) @ app.js:206
Promise.catch
loadIrrigationStatus @ app.js:203
app.js:204 Error loading irrigation status: SyntaxError: Unexpected token '<', "<!doctype "... is not valid JSON
(anonymous) @ app.js:204
Promise.catch
loadIrrigationStatus @ app.js:203
setTimeout
(anonymous) @ app.js:206
Promise.catch
loadIrrigationStatus @ app.js:203
setTimeout
(anonymous) @ app.js:206
Promise.catch
loadIrrigationStatus @ app.js:203
setTimeout
(anonymous) @ app.js:206
Promise.catch
loadIrrigationStatus @ app.js:203
app.js:131 
            
            
           GET http://0.0.0.0:5000/api/irrigation/status 404 (NOT FOUND)
loadIrrigationStatus @ app.js:131
setTimeout
(anonymous) @ app.js:206
Promise.catch
loadIrrigationStatus @ app.js:203
setTimeout
(anonymous) @ app.js:206
Promise.catch
loadIrrigationStatus @ app.js:203
setTimeout
(anonymous) @ app.js:206
Promise.catch
loadIrrigationStatus @ app.js:203
setTimeout
(anonymous) @ app.js:206
Promise.catch
loadIrrigationStatus @ app.js:203
app.js:204 Error loading irrigation status: SyntaxError: Unexpected token '<', "<!doctype "... is not valid JSON
(anonymous) @ app.js:204
Promise.catch
loadIrrigationStatus @ app.js:203
setTimeout
(anonymous) @ app.js:206
Promise.catch
loadIrrigationStatus @ app.js:203
setTimeout
(anonymous) @ app.js:206
Promise.catch
loadIrrigationStatus @ app.js:203
setTimeout
(anonymous) @ app.js:206
Promise.catch
loadIrrigationStatus @ app.js:203
setTimeout
(anonymous) @ app.js:206
Promise.catch
loadIrrigationStatus @ app.js:203
app.js:131 
            
            
           GET http://0.0.0.0:5000/api/irrigation/status net::ERR_CONNECTION_REFUSED
loadIrrigationStatus @ app.js:131
setTimeout
(anonymous) @ app.js:206
Promise.catch
loadIrrigationStatus @ app.js:203
setTimeout
(anonymous) @ app.js:206
Promise.catch
loadIrrigationStatus @ app.js:203
setTimeout
(anonymous) @ app.js:206
Promise.catch
loadIrrigationStatus @ app.js:203
setTimeout
(anonymous) @ app.js:206
Promise.catch
loadIrrigationStatus @ app.js:203
setTimeout
(anonymous) @ app.js:206
Promise.catch
loadIrrigationStatus @ app.js:203
app.js:204 Error loading irrigation status: TypeError: Failed to fetch
    at loadIrrigationStatus (app.js:131:5)
(anonymous) @ app.js:204
Promise.catch
loadIrrigationStatus @ app.js:203
setTimeout
(anonymous) @ app.js:206
Promise.catch
loadIrrigationStatus @ app.js:203
setTimeout
(anonymous) @ app.js:206
Promise.catch
loadIrrigationStatus @ app.js:203
setTimeout
(anonymous) @ app.js:206
Promise.catch
loadIrrigationStatus @ app.js:203
setTimeout
(anonymous) @ app.js:206
Promise.catch
loadIrrigationStatus @ app.js:203
setTimeout
(anonymous) @ app.js:206
Promise.catch
loadIrrigationStatus @ app.js:203
app.js:25 
            
            
           GET http://0.0.0.0:5000/api/server-time/display net::ERR_CONNECTION_REFUSED
updateServerTime @ app.js:25
app.js:34 Error fetching server time: TypeError: Failed to fetch
    at updateServerTime (app.js:25:9)
(anonymous) @ app.js:34
Promise.catch
updateServerTime @ app.js:33
app.js:131 
            
            
           GET http://0.0.0.0:5000/api/irrigation/status net::ERR_CONNECTION_REFUSED
loadIrrigationStatus @ app.js:131
setTimeout
(anonymous) @ app.js:206
Promise.catch
loadIrrigationStatus @ app.js:203
setTimeout
(anonymous) @ app.js:206
Promise.catch
loadIrrigationStatus @ app.js:203
setTimeout
(anonymous) @ app.js:206
Promise.catch
loadIrrigationStatus @ app.js:203
setTimeout
(anonymous) @ app.js:206
Promise.catch
loadIrrigationStatus @ app.js:203
setTimeout
(anonymous) @ app.js:206
Promise.catch
loadIrrigationStatus @ app.js:203
setTimeout
(anonymous) @ app.js:206
Promise.catch
loadIrrigationStatus @ app.js:203
app.js:204 Error loading irrigation status: TypeError: Failed to fetch
    at loadIrrigationStatus (app.js:131:5)
(anonymous) @ app.js:204
Promise.catch
loadIrrigationStatus @ app.js:203
setTimeout
(anonymous) @ app.js:206
Promise.catch
loadIrrigationStatus @ app.js:203
setTimeout
(anonymous) @ app.js:206
Promise.catch
loadIrrigationStatus @ app.js:203
setTimeout
(anonymous) @ app.js:206
Promise.catch
loadIrrigationStatus @ app.js:203
setTimeout
(anonymous) @ app.js:206
Promise.catch
loadIrrigationStatus @ app.js:203
setTimeout
(anonymous) @ app.js:206
Promise.catch
loadIrrigationStatus @ app.js:203
setTimeout
(anonymous) @ app.js:206
Promise.catch
loadIrrigationStatus @ app.js:203
app.js:131 
            
            
           GET http://0.0.0.0:5000/api/irrigation/status net::ERR_CONNECTION_REFUSED
loadIrrigationStatus @ app.js:131
setTimeout
(anonymous) @ app.js:206
Promise.catch
loadIrrigationStatus @ app.js:203
setTimeout
(anonymous) @ app.js:206
Promise.catch
loadIrrigationStatus @ app.js:203
setTimeout
(anonymous) @ app.js:206
Promise.catch
loadIrrigationStatus @ app.js:203
setTimeout
(anonymous) @ app.js:206
Promise.catch
loadIrrigationStatus @ app.js:203
setTimeout
(anonymous) @ app.js:206
Promise.catch
loadIrrigationStatus @ app.js:203
setTimeout
(anonymous) @ app.js:206
Promise.catch
loadIrrigationStatus @ app.js:203
setTimeout
(anonymous) @ app.js:206
Promise.catch
loadIrrigationStatus @ app.js:203
app.js:204 Error loading irrigation status: TypeError: Failed to fetch
    at loadIrrigationStatus (app.js:131:5)
(anonymous) @ app.js:204
Promise.catch
loadIrrigationStatus @ app.js:203
setTimeout
(anonymous) @ app.js:206
Promise.catch
loadIrrigationStatus @ app.js:203
setTimeout
(anonymous) @ app.js:206
Promise.catch
loadIrrigationStatus @ app.js:203
setTimeout
(anonymous) @ app.js:206
Promise.catch
loadIrrigationStatus @ app.js:203
setTimeout
(anonymous) @ app.js:206
Promise.catch
loadIrrigationStatus @ app.js:203
setTimeout
(anonymous) @ app.js:206
Promise.catch
loadIrrigationStatus @ app.js:203
setTimeout
(anonymous) @ app.js:206
Promise.catch
loadIrrigationStatus @ app.js:203
setTimeout
(anonymous) @ app.js:206
Promise.catch
loadIrrigationStatus @ app.js:203
app.js:25 
            
            
           GET http://0.0.0.0:5000/api/server-time/display net::ERR_CONNECTION_REFUSED
updateServerTime @ app.js:25
app.js:34 Error fetching server time: TypeError: Failed to fetch
    at updateServerTime (app.js:25:9)
(anonymous) @ app.js:34
Promise.catch
updateServerTime @ app.js:33
app.js:131 
            
            
           GET http://0.0.0.0:5000/api/irrigation/status net::ERR_CONNECTION_REFUSED
loadIrrigationStatus @ app.js:131
setTimeout
(anonymous) @ app.js:206
Promise.catch
loadIrrigationStatus @ app.js:203
setTimeout
(anonymous) @ app.js:206
Promise.catch
loadIrrigationStatus @ app.js:203
setTimeout
(anonymous) @ app.js:206
Promise.catch
loadIrrigationStatus @ app.js:203
setTimeout
(anonymous) @ app.js:206
Promise.catch
loadIrrigationStatus @ app.js:203
setTimeout
(anonymous) @ app.js:206
Promise.catch
loadIrrigationStatus @ app.js:203
setTimeout
(anonymous) @ app.js:206
Promise.catch
loadIrrigationStatus @ app.js:203
setTimeout
(anonymous) @ app.js:206
Promise.catch
loadIrrigationStatus @ app.js:203
setTimeout
(anonymous) @ app.js:206
Promise.catch
loadIrrigationStatus @ app.js:203
app.js:204 Error loading irrigation status: TypeError: Failed to fetch
    at loadIrrigationStatus (app.js:131:5)
(anonymous) @ app.js:204
Promise.catch
loadIrrigationStatus @ app.js:203
setTimeout
(anonymous) @ app.js:206
Promise.catch
loadIrrigationStatus @ app.js:203
setTimeout
(anonymous) @ app.js:206
Promise.catch
loadIrrigationStatus @ app.js:203
setTimeout
(anonymous) @ app.js:206
Promise.catch
loadIrrigationStatus @ app.js:203
setTimeout
(anonymous) @ app.js:206
Promise.catch
loadIrrigationStatus @ app.js:203
setTimeout
(anonymous) @ app.js:206
Promise.catch
loadIrrigationStatus @ app.js:203
setTimeout
(anonymous) @ app.js:206
Promise.catch
loadIrrigationStatus @ app.js:203
setTimeout
(anonymous) @ app.js:206
Promise.catch
loadIrrigationStatus @ app.js:203
setTimeout
(anonymous) @ app.js:206
Promise.catch
loadIrrigationStatus @ app.js:203







[parameters: ('2025-05-05 10:15:34.122474', None, None, 0.0, 0.0, 0.0)]
(Background on this error at: https://sqlalche.me/e/20/gkpj)
Real water level sensor not implemented, returning default
Error in DB sensor monitoring loop: (sqlite3.IntegrityError) NOT NULL constraint failed: weather_data.temperature
[SQL: INSERT INTO weather_data (timestamp, temperature, humidity, soil_moisture, wind_speed, pressure) VALUES (?, ?, ?, ?, ?, ?)]
[parameters: ('2025-05-05 10:15:35.129374', None, None, 0.0, 0.0, 0.0)]
(Background on this error at: https://sqlalche.me/e/20/gkpj)
Error reading DHT sensor: DHT sensor not found, check wiring
Real water level sensor not implemented, returning default
Error in DB sensor monitoring loop: (sqlite3.IntegrityError) NOT NULL constraint failed: weather_data.temperature
[SQL: INSERT INTO weather_data (timestamp, temperature, humidity, soil_moisture, wind_speed, pressure) VALUES (?, ?, ?, ?, ?, ?)]
[parameters: ('2025-05-05 10:15:36.133977', None, None, 0.0, 0.0, 0.0)]
(Background on this error at: https://sqlalche.me/e/20/gkpj)
Real water level sensor not implemented, returning default
Error in DB sensor monitoring loop: (sqlite3.IntegrityError) NOT NULL constraint failed: weather_data.temperature
[SQL: INSERT INTO weather_data (timestamp, temperature, humidity, soil_moisture, wind_speed, pressure) VALUES (?, ?, ?, ?, ?, ?)]
[parameters: ('2025-05-05 10:15:37.137361', None, None, 0.0, 0.0, 0.0)]
(Background on this error at: https://sqlalche.me/e/20/gkpj)
Error reading DHT sensor: DHT sensor not found, check wiring
Real water level sensor not implemented, returning default
Error in DB sensor monitoring loop: (sqlite3.IntegrityError) NOT NULL constraint failed: weather_data.temperature
[SQL: INSERT INTO weather_data (timestamp, temperature, humidity, soil_moisture, wind_speed, pressure) VALUES (?, ?, ?, ?, ?, ?)]
[parameters: ('2025-05-05 10:15:38.141258', None, None, 0.0, 0.0, 0.0)]
(Background on this error at: https://sqlalche.me/e/20/gkpj)
Real water level sensor not implemented, returning default
Error in DB sensor monitoring loop: (sqlite3.IntegrityError) NOT NULL constraint failed: weather_data.temperature
[SQL: INSERT INTO weather_data (timestamp, temperature, humidity, soil_moisture, wind_speed, pressure) VALUES (?, ?, ?, ?, ?, ?)]
[parameters: ('2025-05-05 10:15:39.144689', None, None, 0.0, 0.0, 0.0)]
(Background on this error at: https://sqlalche.me/e/20/gkpj)
Error reading DHT sensor: DHT sensor not found, check wiring
Real water level sensor not implemented, returning default
Error in DB sensor monitoring loop: (sqlite3.IntegrityError) NOT NULL constraint failed: weather_data.temperature
[SQL: INSERT INTO weather_data (timestamp, temperature, humidity, soil_moisture, wind_speed, pressure) VALUES (?, ?, ?, ?, ?, ?)]
[parameters: ('2025-05-05 10:15:40.148178', None, None, 0.0, 0.0, 0.0)]
(Background on this error at: https://sqlalche.me/e/20/gkpj)
Real water level sensor not implemented, returning default
Error in DB sensor monitoring loop: (sqlite3.IntegrityError) NOT NULL constraint failed: weather_data.temperature
[SQL: INSERT INTO weather_data (timestamp, temperature, humidity, soil_moisture, wind_speed, pressure) VALUES (?, ?, ?, ?, ?, ?)]
[parameters: ('2025-05-05 10:15:41.152610', None, None, 0.0, 0.0, 0.0)]
(Background on this error at: https://sqlalche.me/e/20/gkpj)
Error reading DHT sensor: DHT sensor not found, check wiring
Real water level sensor not implemented, returning default
Error in DB sensor monitoring loop: (sqlite3.IntegrityError) NOT NULL constraint failed: weather_data.temperature
[SQL: INSERT INTO weather_data (timestamp, temperature, humidity, soil_moisture, wind_speed, pressure) VALUES (?, ?, ?, ?, ?, ?)]
[parameters: ('2025-05-05 10:15:42.156753', None, None, 0.0, 0.0, 0.0)]
(Background on this error at: https://sqlalche.me/e/20/gkpj)
^Creceived SIGINT

(venv) pi@pi:~/Documents/grad-proj $ 

